# Last failed Android build log (auto-updated by CI; safe to delete)
# run: 35433891056
Fetching distribution.
Downloading https://services.gradle.org/distributions/gradle-8.9-bin.zip
............10%.............20%.............30%.............40%.............50%.............60%.............70%.............80%.............90%.............100%

Welcome to Gradle 8.9!

Here are the highlights of this release:
 - Enhanced Error and Warning Messages
 - IDE Integration Improvements
 - Daemon JVM Information

For more details see https://docs.gradle.org/8.9/release-notes.html

To honour the JVM settings for this build a single-use Daemon process will be forked. For more on this, please refer to https://docs.gradle.org/8.9/userguide/gradle_daemon.html#sec:disabling_the_daemon in the Gradle documentation.
Daemon will be stopped at the end of the build 
> Task :app:buildKotlinToolingMetadata
> Task :app:checkKotlinGradlePluginConfigurationErrors
> Task :app:preBuild UP-TO-DATE
> Task :app:preReleaseBuild UP-TO-DATE
> Task :app:generateReleaseResValues
> Task :app:checkReleaseAarMetadata
> Task :app:mapReleaseSourceSetPaths
> Task :app:generateReleaseResources
> Task :app:packageReleaseResources
> Task :app:mergeReleaseResources
> Task :app:createReleaseCompatibleScreenManifests
> Task :app:extractDeepLinksRelease
> Task :app:parseReleaseLocalResources

> Task :app:processReleaseMainManifest
/home/runner/work/nfsmw-recomp/nfsmw-recomp/android/app/src/main/AndroidManifest.xml:10:9-42 Warning:
	android:extractNativeLibs should not be specified in this source AndroidManifest.xml file. See https://d.android.com/guide/topics/manifest/application-element#extractNativeLibs for more information.
The AGP Upgrade Assistant can remove the attribute from the AndroidManifest.xml file and update the build file accordingly. See https://d.android.com/studio/build/agp-upgrade-assistant for more information.

> Task :app:processReleaseManifest
> Task :app:preReleaseUnitTestBuild UP-TO-DATE
> Task :app:processReleaseManifestForPackage
> Task :app:javaPreCompileRelease
> Task :app:javaPreCompileReleaseUnitTest
> Task :app:preDebugBuild UP-TO-DATE
> Task :app:mergeDebugNativeDebugMetadata NO-SOURCE
> Task :app:generateDebugResValues
> Task :app:checkDebugAarMetadata
> Task :app:mapDebugSourceSetPaths
> Task :app:generateDebugResources
> Task :app:packageDebugResources
> Task :app:createDebugCompatibleScreenManifests
> Task :app:extractDeepLinksDebug
> Task :app:parseDebugLocalResources

> Task :app:processDebugMainManifest
/home/runner/work/nfsmw-recomp/nfsmw-recomp/android/app/src/main/AndroidManifest.xml:10:9-42 Warning:
	android:extractNativeLibs should not be specified in this source AndroidManifest.xml file. See https://d.android.com/guide/topics/manifest/application-element#extractNativeLibs for more information.
The AGP Upgrade Assistant can remove the attribute from the AndroidManifest.xml file and update the build file accordingly. See https://d.android.com/studio/build/agp-upgrade-assistant for more information.

> Task :app:processDebugManifest
> Task :app:processDebugManifestForPackage
> Task :app:javaPreCompileDebug
> Task :app:mergeDebugShaders
> Task :app:processReleaseResources
> Task :app:compileDebugShaders NO-SOURCE
> Task :app:mergeDebugResources
> Task :app:generateDebugAssets UP-TO-DATE
> Task :app:mergeDebugAssets
> Task :app:compressDebugAssets
> Task :app:desugarDebugFileDependencies
> Task :app:processDebugResources
> Task :app:checkDebugDuplicateClasses
> Task :app:mergeDebugStartupProfile
> Task :app:compileReleaseKotlin
> Task :app:compileDebugKotlin
> Task :app:mergeExtDexDebug

> Task :app:compileReleaseKotlin
w: file:///home/runner/work/nfsmw-recomp/nfsmw-recomp/android/app/src/main/java/dev/recompkit/nfsmw/android/GameActivity.kt:56:36 The corresponding parameter in the supertype 'GameInput' is named 'pointerId'. This may cause problems when calling this function with named arguments.
w: file:///home/runner/work/nfsmw-recomp/nfsmw-recomp/android/app/src/main/java/dev/recompkit/nfsmw/android/GameActivity.kt:57:36 The corresponding parameter in the supertype 'GameInput' is named 'pointerId'. This may cause problems when calling this function with named arguments.
w: file:///home/runner/work/nfsmw-recomp/nfsmw-recomp/android/app/src/main/java/dev/recompkit/nfsmw/android/GameActivity.kt:58:34 The corresponding parameter in the supertype 'GameInput' is named 'pointerId'. This may cause problems when calling this function with named arguments.
w: file:///home/runner/work/nfsmw-recomp/nfsmw-recomp/android/app/src/main/java/dev/recompkit/nfsmw/android/GameActivity.kt:112:67 Unnecessary safe call on a non-null receiver of type WindowInsetsControllerCompat
w: file:///home/runner/work/nfsmw-recomp/nfsmw-recomp/android/app/src/main/java/dev/recompkit/nfsmw/android/layout/JsonLite.kt:78:30 Variable 'c' is never used
w: file:///home/runner/work/nfsmw-recomp/nfsmw-recomp/android/app/src/main/java/dev/recompkit/nfsmw/android/layout/JsonLite.kt:104:27 Variable 'c' is never used
w: file:///home/runner/work/nfsmw-recomp/nfsmw-recomp/android/app/src/main/java/dev/recompkit/nfsmw/android/layout/JsonLite.kt:123:27 Variable 'c' is never used

> Task :app:compileDebugKotlin
w: file:///home/runner/work/nfsmw-recomp/nfsmw-recomp/android/app/src/main/java/dev/recompkit/nfsmw/android/GameActivity.kt:56:36 The corresponding parameter in the supertype 'GameInput' is named 'pointerId'. This may cause problems when calling this function with named arguments.
w: file:///home/runner/work/nfsmw-recomp/nfsmw-recomp/android/app/src/main/java/dev/recompkit/nfsmw/android/GameActivity.kt:57:36 The corresponding parameter in the supertype 'GameInput' is named 'pointerId'. This may cause problems when calling this function with named arguments.
w: file:///home/runner/work/nfsmw-recomp/nfsmw-recomp/android/app/src/main/java/dev/recompkit/nfsmw/android/GameActivity.kt:58:34 The corresponding parameter in the supertype 'GameInput' is named 'pointerId'. This may cause problems when calling this function with named arguments.
w: file:///home/runner/work/nfsmw-recomp/nfsmw-recomp/android/app/src/main/java/dev/recompkit/nfsmw/android/GameActivity.kt:112:67 Unnecessary safe call on a non-null receiver of type WindowInsetsControllerCompat
w: file:///home/runner/work/nfsmw-recomp/nfsmw-recomp/android/app/src/main/java/dev/recompkit/nfsmw/android/layout/JsonLite.kt:78:30 Variable 'c' is never used
w: file:///home/runner/work/nfsmw-recomp/nfsmw-recomp/android/app/src/main/java/dev/recompkit/nfsmw/android/layout/JsonLite.kt:104:27 Variable 'c' is never used
w: file:///home/runner/work/nfsmw-recomp/nfsmw-recomp/android/app/src/main/java/dev/recompkit/nfsmw/android/layout/JsonLite.kt:123:27 Variable 'c' is never used

> Task :app:compileReleaseJavaWithJavac NO-SOURCE
> Task :app:bundleReleaseClassesToCompileJar
> Task :app:bundleReleaseClassesToRuntimeJar
> Task :app:processReleaseJavaRes
> Task :app:compileDebugJavaWithJavac NO-SOURCE
> Task :app:dexBuilderDebug
> Task :app:mergeDebugGlobalSynthetics
> Task :app:processDebugJavaRes
> Task :app:mergeLibDexDebug
> Task :app:mergeDebugJavaResource

> Task :app:compileReleaseUnitTestKotlin
e: file:///home/runner/work/nfsmw-recomp/nfsmw-recomp/android/app/src/test/java/dev/recompkit/nfsmw/android/layout/JsonLiteTest.kt:26:9 None of the following functions can be called with the arguments supplied: 
public open fun assertEquals(p0: Double, p1: Double, p2: Double): Unit defined in org.junit.Assert
public open fun assertEquals(p0: Float, p1: Float, p2: Float): Unit defined in org.junit.Assert
public open fun assertEquals(p0: String!, p1: Any!, p2: Any!): Unit defined in org.junit.Assert
public open fun assertEquals(p0: String!, p1: Array<(out) Any!>!, p2: Array<(out) Any!>!): Unit defined in org.junit.Assert
public open fun assertEquals(p0: String!, p1: Double, p2: Double): Unit defined in org.junit.Assert
public open fun assertEquals(p0: String!, p1: Long, p2: Long): Unit defined in org.junit.Assert
e: file:///home/runner/work/nfsmw-recomp/nfsmw-recomp/android/app/src/test/java/dev/recompkit/nfsmw/android/layout/LayoutCodecTest.kt:23:55 Type mismatch: inferred type is ControlLayout but JsonValue was expected

> Task :app:compileReleaseUnitTestKotlin FAILED
> Task :app:mergeProjectDexDebug

> Task :app:configureCMakeDebug[arm64-v8a]
Checking the license for package CMake 3.22.1 in /usr/local/lib/android/sdk/licenses
License for package CMake 3.22.1 accepted.
Preparing "Install CMake 3.22.1 v.3.22.1".
"Install CMake 3.22.1 v.3.22.1" ready.
Installing CMake 3.22.1 in /usr/local/lib/android/sdk/cmake/3.22.1
"Install CMake 3.22.1 v.3.22.1" complete.
"Install CMake 3.22.1 v.3.22.1" finished.

FAILURE: Build failed with an exception.

* What went wrong:
Execution failed for task ':app:compileReleaseUnitTestKotlin'.
> A failure occurred while executing org.jetbrains.kotlin.compilerRunner.GradleCompilerRunnerWithWorkers$GradleKotlinCompilerWorkAction
   > Compilation error. See log for more details

* Try:
> Run with --stacktrace option to get the stack trace.
> Run with --info or --debug option to get more log output.
> Run with --scan to get full insights.
> Get more help at https://help.gradle.org.

BUILD FAILED in 1m 50s
51 actionable tasks: 51 executed
